HSR/BiliBili.json | https://api-launcher-static.mihoyo.com/hkrpg_cn/mdk/launcher/api/resource?channel_id=14&key=fSPJNRwFHRipkprW&launcher_id=28&sub_channel_id=0
